aaaaa
aaaaa
hello
connichiwa
ohaiyo
